2026-07-27 09:51:36,111 WARNING passlib.handlers.bcrypt (trapped) error reading bcrypt version
Traceback (most recent call last):
  File "D:\workspace_aicoding\APITestPlatform\.venv\Lib\site-packages\passlib\handlers\bcrypt.py", line 620, in _load_backend_mixin
    version = _bcrypt.__about__.__version__
              ^^^^^^^^^^^^^^^^^
AttributeError: module 'bcrypt' has no attribute '__about__'
2026-07-27 09:56:05,978 WARNING passlib.handlers.bcrypt (trapped) error reading bcrypt version
Traceback (most recent call last):
  File "D:\workspace_aicoding\APITestPlatform\.venv\Lib\site-packages\passlib\handlers\bcrypt.py", line 620, in _load_backend_mixin
    version = _bcrypt.__about__.__version__
              ^^^^^^^^^^^^^^^^^
AttributeError: module 'bcrypt' has no attribute '__about__'
2026-07-28 00:07:37,105 WARNING passlib.handlers.bcrypt (trapped) error reading bcrypt version
Traceback (most recent call last):
  File "D:\.virtualenvs\APITestPlatform\Lib\site-packages\passlib\handlers\bcrypt.py", line 620, in _load_backend_mixin
    version = _bcrypt.__about__.__version__
              ^^^^^^^^^^^^^^^^^
AttributeError: module 'bcrypt' has no attribute '__about__'
2026-07-28 00:23:49,096 WARNING passlib.handlers.bcrypt (trapped) error reading bcrypt version
Traceback (most recent call last):
  File "D:\.virtualenvs\APITestPlatform\Lib\site-packages\passlib\handlers\bcrypt.py", line 620, in _load_backend_mixin
    version = _bcrypt.__about__.__version__
              ^^^^^^^^^^^^^^^^^
AttributeError: module 'bcrypt' has no attribute '__about__'
2026-07-28 11:00:43,763 WARNING passlib.handlers.bcrypt (trapped) error reading bcrypt version
Traceback (most recent call last):
  File "D:\.virtualenvs\APITestPlatform\Lib\site-packages\passlib\handlers\bcrypt.py", line 620, in _load_backend_mixin
    version = _bcrypt.__about__.__version__
              ^^^^^^^^^^^^^^^^^
AttributeError: module 'bcrypt' has no attribute '__about__'
2026-07-28 14:33:02,250 WARNING passlib.handlers.bcrypt (trapped) error reading bcrypt version
Traceback (most recent call last):
  File "D:\.virtualenvs\APITestPlatform\Lib\site-packages\passlib\handlers\bcrypt.py", line 620, in _load_backend_mixin
    version = _bcrypt.__about__.__version__
              ^^^^^^^^^^^^^^^^^
AttributeError: module 'bcrypt' has no attribute '__about__'
2026-07-28 15:12:50,190 WARNING passlib.handlers.bcrypt (trapped) error reading bcrypt version
Traceback (most recent call last):
  File "D:\.virtualenvs\APITestPlatform\Lib\site-packages\passlib\handlers\bcrypt.py", line 620, in _load_backend_mixin
    version = _bcrypt.__about__.__version__
              ^^^^^^^^^^^^^^^^^
AttributeError: module 'bcrypt' has no attribute '__about__'
